// Jest Snapshot v1, https://goo.gl/fbAQLP

exports[`<Navbar /> should render and match the snapshot 1`] = `"<nav class=\\"Nav-x8yy12-0 jgOoGS\\"><div class=\\"navbar-right\\"><div class=\\"sign-out Wrapper-vnjem8-0 bcewYQ\\"><span aria-hidden=\\"true\\" class=\\"fa fa-power-off\\"></span></div><div class=\\"Wrapper-sc-1k1j1l-0 YFgOt\\"><select><option value=\\"en\\">English</option><option value=\\"pl\\">Polski</option></select></div></div></nav>"`;
