// Jest Snapshot v1, https://goo.gl/fbAQLP

exports[`<ProfilePage /> should render and match the snapshot 1`] = `"<div class=\\"MuiGrid-root Grid-sc-1hkmrvu-0 NPciN MuiGrid-container\\"><div class=\\"MuiGrid-root Grid-sc-1hkmrvu-0 NPciN MuiGrid-item MuiGrid-grid-xs-12\\"><h1 class=\\"H1-sc-1hnsqhn-0 eVZYlZ\\"><span>Profile page!</span></h1><hr class=\\"MuiDivider-root Divider-l75xrl-0 gGKxTy\\"></div><div class=\\"MuiGrid-root Grid-sc-1hkmrvu-0 NPciN MuiGrid-item MuiGrid-grid-xs-12 MuiGrid-grid-md-3\\"><div class=\\"MuiPaper-root Paper-t524pg-0 kiWvaW MuiPaper-elevation1 MuiPaper-rounded\\"></div></div><div class=\\"MuiGrid-root Grid-sc-1hkmrvu-0 NPciN MuiGrid-item MuiGrid-grid-xs-12 MuiGrid-grid-md-9\\"><div class=\\"MuiPaper-root Paper-t524pg-0 kiWvaW MuiPaper-elevation1 MuiPaper-rounded\\"></div></div></div>"`;
