// Jest Snapshot v1, https://goo.gl/fbAQLP

exports[`<ToggleCore /> render should contain default text 1`] = `"<div class=\\"MuiInputBase-root\\"><div class=\\"MuiSelect-root MuiSelect-select MuiSelect-selectMenu MuiInputBase-input MuiInputBase-inputSelect\\" tabindex=\\"0\\" role=\\"button\\" aria-haspopup=\\"listbox\\"><span>​</span></div><input type=\\"hidden\\" value=\\"\\"><svg class=\\"MuiSvgIcon-root MuiSelect-icon\\" focusable=\\"false\\" viewBox=\\"0 0 24 24\\" aria-hidden=\\"true\\" role=\\"presentation\\"><path d=\\"M7 10l5 5 5-5z\\"></path></svg></div>"`;
