// Jest Snapshot v1, https://goo.gl/fbAQLP

exports[`<App /> should match snapshot 1`] = `
<ContentWrapper
  marginLeft={60}
>
  <Navbar
    marginLeft={60}
  />
  <Scroll>
    <Switch>
      <Route
        component={[Function]}
        exact={true}
        path="/"
      />
      <Route
        component={[Function]}
        exact={true}
        path="/profile"
      />
      <Route
        component={[Function]}
        exact={true}
        path="/users"
      />
      <Route
        component={[Function]}
      />
    </Switch>
  </Scroll>
  <Footer
    marginLeft={60}
  />
  <Connect(Sidebar) />
</ContentWrapper>
`;
